bodies=5 pairs=10 steps=20000 loops=16
elapsed=3.920331 s  245.021 ms/simulation
energy=-0.169089263
step_rate=81.63 ksteps/s  ~24.49 MFLOP/s (est.)
RESULT total_sec=3.920331 loops=16 ms_per_sim=245.0207 energy=-0.169089263 ksteps_per_sec=81.6258
bodies=5 pairs=10 steps=20000 loops=16
elapsed=3.920822 s  245.051 ms/simulation
energy=-0.169089263
step_rate=81.62 ksteps/s  ~24.48 MFLOP/s (est.)
RESULT total_sec=3.920822 loops=16 ms_per_sim=245.0514 energy=-0.169089263 ksteps_per_sec=81.6155
bodies=5 pairs=10 steps=20000 loops=16
elapsed=3.921893 s  245.118 ms/simulation
energy=-0.169089263
step_rate=81.59 ksteps/s  ~24.48 MFLOP/s (est.)
RESULT total_sec=3.921893 loops=16 ms_per_sim=245.1183 energy=-0.169089263 ksteps_per_sec=81.5933
bodies=5 pairs=10 steps=20000 loops=16
elapsed=3.921886 s  245.118 ms/simulation
energy=-0.169089263
step_rate=81.59 ksteps/s  ~24.48 MFLOP/s (est.)
RESULT total_sec=3.921886 loops=16 ms_per_sim=245.1179 energy=-0.169089263 ksteps_per_sec=81.5934
bodies=5 pairs=10 steps=20000 loops=16
elapsed=3.921371 s  245.086 ms/simulation
energy=-0.169089263
step_rate=81.60 ksteps/s  ~24.48 MFLOP/s (est.)
RESULT total_sec=3.921371 loops=16 ms_per_sim=245.0857 energy=-0.169089263 ksteps_per_sec=81.6041
